Derivative:
2.0 ml -> 1.00
3.0 ml -> 0.73
5.0 ml -> 0.20
6.0 ml -> 0.80
7.0 ml -> 1.53
7.5 ml -> 2.00
8.0 ml -> 2.27
9.0 ml -> 1.61
12.0 ml -> 0.22
14.0 ml -> 0.07
16.0 ml -> 0.06

Equivalence point at 8.0 ml

Second derivative:
3.0 ml -> -0.27
5.0 ml -> 0.31
6.0 ml -> 0.67
7.0 ml -> 0.87
7.5 ml -> 0.73
8.0 ml -> 0.14
9.0 ml -> -0.61
12.0 ml -> -0.23
14.0 ml -> -0.04

Second derivative estimated:
7.5 ml -> 0.73
7.6 ml -> 0.61
7.7 ml -> 0.49
7.8 ml -> 0.38
7.9 ml -> 0.26
8.0 ml -> 0.14
8.1 ml -> 0.06
8.2 ml -> -0.01
8.3 ml -> -0.09
8.4 ml -> -0.16
8.5 ml -> -0.24
8.6 ml -> -0.31
8.7 ml -> -0.39
8.8 ml -> -0.46
8.9 ml -> -0.53
9.0 ml -> -0.61

Equivalence point at 8.2 ml
